Archive member included to satisfy reference by file (symbol)

../drivers\libIotLibrary.a(lora_driver.o)
                              LoRaWANHandler.o (lora_driver_flushBuffers)
../drivers\libIotLibrary.a(lora_driver_utils.o)
                              ../drivers\libIotLibrary.a(lora_driver.o) (decode_port_no)
../drivers\libIotLibrary.a(serial.o)
                              ../drivers\libIotLibrary.a(lora_driver.o) (serial_create)
../drivers\libIotLibrary.a(stdio_driver.o)
                              main.o (stdio_initialise)
../drivers\libIotLibrary.a(status_leds.o)
                              main.o (status_leds_initialise)
../drivers\libIotLibrary.a(fifo.o)
                              ../drivers\libIotLibrary.a(serial.o) (fifo_init)
c:/software/microchip studio/7.0/toolchain/avr8/avr8-gnu-toolchain/bin/../lib/gcc/avr/5.4.0/../../../../avr/lib/avr6\libm.a(addsf3.o)
                              ../drivers\libIotLibrary.a(serial.o) (__subsf3)
c:/software/microchip studio/7.0/toolchain/avr8/avr8-gnu-toolchain/bin/../lib/gcc/avr/5.4.0/../../../../avr/lib/avr6\libm.a(addsf3x.o)
                              c:/software/microchip studio/7.0/toolchain/avr8/avr8-gnu-toolchain/bin/../lib/gcc/avr/5.4.0/../../../../avr/lib/avr6\libm.a(addsf3.o) (__addsf3x)
c:/software/microchip studio/7.0/toolchain/avr8/avr8-gnu-toolchain/bin/../lib/gcc/avr/5.4.0/../../../../avr/lib/avr6\libm.a(divsf3.o)
                              ../drivers\libIotLibrary.a(serial.o) (__divsf3)
c:/software/microchip studio/7.0/toolchain/avr8/avr8-gnu-toolchain/bin/../lib/gcc/avr/5.4.0/../../../../avr/lib/avr6\libm.a(divsf3x.o)
                              c:/software/microchip studio/7.0/toolchain/avr8/avr8-gnu-toolchain/bin/../lib/gcc/avr/5.4.0/../../../../avr/lib/avr6\libm.a(divsf3.o) (__divsf3x)
c:/software/microchip studio/7.0/toolchain/avr8/avr8-gnu-toolchain/bin/../lib/gcc/avr/5.4.0/../../../../avr/lib/avr6\libm.a(fixunssfsi.o)
                              ../drivers\libIotLibrary.a(serial.o) (__fixunssfsi)
c:/software/microchip studio/7.0/toolchain/avr8/avr8-gnu-toolchain/bin/../lib/gcc/avr/5.4.0/../../../../avr/lib/avr6\libm.a(floatsisf.o)
                              ../drivers\libIotLibrary.a(serial.o) (__floatunsisf)
c:/software/microchip studio/7.0/toolchain/avr8/avr8-gnu-toolchain/bin/../lib/gcc/avr/5.4.0/../../../../avr/lib/avr6\libm.a(fp_inf.o)
                              c:/software/microchip studio/7.0/toolchain/avr8/avr8-gnu-toolchain/bin/../lib/gcc/avr/5.4.0/../../../../avr/lib/avr6\libm.a(addsf3x.o) (__fp_inf)
c:/software/microchip studio/7.0/toolchain/avr8/avr8-gnu-toolchain/bin/../lib/gcc/avr/5.4.0/../../../../avr/lib/avr6\libm.a(fp_nan.o)
                              c:/software/microchip studio/7.0/toolchain/avr8/avr8-gnu-toolchain/bin/../lib/gcc/avr/5.4.0/../../../../avr/lib/avr6\libm.a(addsf3x.o) (__fp_nan)
c:/software/microchip studio/7.0/toolchain/avr8/avr8-gnu-toolchain/bin/../lib/gcc/avr/5.4.0/../../../../avr/lib/avr6\libm.a(fp_pscA.o)
                              c:/software/microchip studio/7.0/toolchain/avr8/avr8-gnu-toolchain/bin/../lib/gcc/avr/5.4.0/../../../../avr/lib/avr6\libm.a(addsf3x.o) (__fp_pscA)
c:/software/microchip studio/7.0/toolchain/avr8/avr8-gnu-toolchain/bin/../lib/gcc/avr/5.4.0/../../../../avr/lib/avr6\libm.a(fp_pscB.o)
                              c:/software/microchip studio/7.0/toolchain/avr8/avr8-gnu-toolchain/bin/../lib/gcc/avr/5.4.0/../../../../avr/lib/avr6\libm.a(addsf3x.o) (__fp_pscB)
c:/software/microchip studio/7.0/toolchain/avr8/avr8-gnu-toolchain/bin/../lib/gcc/avr/5.4.0/../../../../avr/lib/avr6\libm.a(fp_round.o)
                              c:/software/microchip studio/7.0/toolchain/avr8/avr8-gnu-toolchain/bin/../lib/gcc/avr/5.4.0/../../../../avr/lib/avr6\libm.a(addsf3.o) (__fp_round)
c:/software/microchip studio/7.0/toolchain/avr8/avr8-gnu-toolchain/bin/../lib/gcc/avr/5.4.0/../../../../avr/lib/avr6\libm.a(fp_split3.o)
                              c:/software/microchip studio/7.0/toolchain/avr8/avr8-gnu-toolchain/bin/../lib/gcc/avr/5.4.0/../../../../avr/lib/avr6\libm.a(addsf3x.o) (__fp_split3)
c:/software/microchip studio/7.0/toolchain/avr8/avr8-gnu-toolchain/bin/../lib/gcc/avr/5.4.0/../../../../avr/lib/avr6\libm.a(fp_zero.o)
                              c:/software/microchip studio/7.0/toolchain/avr8/avr8-gnu-toolchain/bin/../lib/gcc/avr/5.4.0/../../../../avr/lib/avr6\libm.a(addsf3x.o) (__fp_zero)
c:/software/microchip studio/7.0/toolchain/avr8/avr8-gnu-toolchain/bin/../lib/gcc/avr/5.4.0/../../../../avr/lib/avr6\libm.a(mulsf3.o)
                              ../drivers\libIotLibrary.a(serial.o) (__mulsf3)
c:/software/microchip studio/7.0/toolchain/avr8/avr8-gnu-toolchain/bin/../lib/gcc/avr/5.4.0/../../../../avr/lib/avr6\libm.a(mulsf3x.o)
                              c:/software/microchip studio/7.0/toolchain/avr8/avr8-gnu-toolchain/bin/../lib/gcc/avr/5.4.0/../../../../avr/lib/avr6\libm.a(mulsf3.o) (__mulsf3x)
[...]
Memory Configuration

Name             Origin             Length             Attributes
text             0x00000000         0x00040000         xr
data             0x00800200         0x00002000         rw !x
eeprom           0x00810000         0x00001000         rw !x
fuse             0x00820000         0x00000003         rw !x
lock             0x00830000         0x00000400         rw !x
signature        0x00840000         0x00000400         rw !x
user_signatures  0x00850000         0x00000400         rw !x
*default*        0x00000000         0xffffffff

Linker script and memory map

Address of section .data set to 0x800200
LOAD C:/Software/Microchip Studio/7.0/Packs/atmel/ATmega_DFP/1.6.364/gcc/dev/atmega2560/avr6/crtatmega2560.o
LOAD FreeRTOS/Example/main.o
LOAD FreeRTOS/FreeRTOSTraceDriver/FreeRTOSTraceDriver.o
LOAD FreeRTOS/src/croutine.o
LOAD FreeRTOS/src/event_groups.o
LOAD FreeRTOS/src/heap_4.o
LOAD FreeRTOS/src/list.o
LOAD FreeRTOS/src/port.o
LOAD FreeRTOS/src/queue.o
LOAD FreeRTOS/src/stream_buffer.o
LOAD FreeRTOS/src/tasks.o
LOAD FreeRTOS/src/timers.o
LOAD FreeRTOS/src/variantHooks.o
LOAD LoRaWANHandler.o
LOAD main.o
START GROUP
LOAD c:/software/microchip studio/7.0/toolchain/avr8/avr8-gnu-toolchain/bin/../lib/gcc/avr/5.4.0/../../../../avr/lib/avr6\libm.a
LOAD ../drivers\libIotLibrary.a
END GROUP
START GROUP
LOAD c:/software/microchip studio/7.0/toolchain/avr8/avr8-gnu-toolchain/bin/../lib/gcc/avr/5.4.0/avr6\libgcc.a
LOAD c:/software/microchip studio/7.0/toolchain/avr8/avr8-gnu-toolchain/bin/../lib/gcc/avr/5.4.0/../../../../avr/lib/avr6\libm.a
LOAD c:/software/microchip studio/7.0/toolchain/avr8/avr8-gnu-toolchain/bin/../lib/gcc/avr/5.4.0/../../../../avr/lib/avr6\libc.a
LOAD C:/Software/Microchip Studio/7.0/Packs/atmel/ATmega_DFP/1.6.364/gcc/dev/atmega2560/avr6\libatmega2560.a
END GROUP
                0x00000000                __TEXT_REGION_ORIGIN__ = DEFINED (__TEXT_REGION_ORIGIN__)?__TEXT_REGION_ORIGIN__:0x0
                [0x00800200]                __DATA_REGION_ORIGIN__ = DEFINED (__DATA_REGION_ORIGIN__)?__DATA_REGION_ORIGIN__:0x800200
                [0x00040000]                __TEXT_REGION_LENGTH__ = DEFINED (__TEXT_REGION_LENGTH__)?__TEXT_REGION_LENGTH__:0x100000
                [0x00002000]                __DATA_REGION_LENGTH__ = DEFINED (__DATA_REGION_LENGTH__)?__DATA_REGION_LENGTH__:0xfe00
                [0x00001000]                __EEPROM_REGION_LENGTH__ = DEFINED (__EEPROM_REGION_LENGTH__)?__EEPROM_REGION_LENGTH__:0x10000
                [0x00000003]                __FUSE_REGION_LENGTH__ = DEFINED (__FUSE_REGION_LENGTH__)?__FUSE_REGION_LENGTH__:0x400
                0x00000400                __LOCK_REGION_LENGTH__ = DEFINED (__LOCK_REGION_LENGTH__)?__LOCK_REGION_LENGTH__:0x400
                0x00000400                __SIGNATURE_REGION_LENGTH__ = DEFINED (__SIGNATURE_REGION_LENGTH__)?__SIGNATURE_REGION_LENGTH__:0x400
                0x00000400                __USER_SIGNATURE_REGION_LENGTH__ = DEFINED (__USER_SIGNATURE_REGION_LENGTH__)?__USER_SIGNATURE_REGION_LENGTH__:0x400

.hash
 *(.hash)

.dynsym
 *(.dynsym)

.dynstr
 *(.dynstr)

.gnu.version
 *(.gnu.version)

.gnu.version_d
 *(.gnu.version_d)

.gnu.version_r
 *(.gnu.version_r)

.rel.init
 *(.rel.init)

.rela.init
 *(.rela.init)

.rel.text
 *(.rel.text)
 *(.rel.text.*)
 *(.rel.gnu.linkonce.t*)

.rela.text
 *(.rela.text)
 *(.rela.text.*)
 *(.rela.gnu.linkonce.t*)

.rel.fini
 *(.rel.fini)

.rela.fini
 *(.rela.fini)

.rel.rodata
 *(.rel.rodata)
 *(.rel.rodata.*)
 *(.rel.gnu.linkonce.r*)

.rela.rodata
 *(.rela.rodata)
 *(.rela.rodata.*)
 *(.rela.gnu.linkonce.r*)

.rel.data
 *(.rel.data)
 *(.rel.data.*)
 *(.rel.gnu.linkonce.d*)

.rela.data
 *(.rela.data)
 *(.rela.data.*)
 *(.rela.gnu.linkonce.d*)

.rel.ctors
 *(.rel.ctors)

.rela.ctors
 *(.rela.ctors)

.rel.dtors
 *(.rel.dtors)

.rela.dtors
 *(.rela.dtors)

.rel.got
 *(.rel.got)

.rela.got
 *(.rela.got)

.rel.bss
 *(.rel.bss)

.rela.bss
 *(.rela.bss)

.rel.plt
 *(.rel.plt)

.rela.plt
 *(.rela.plt)

.text           0x00000000     0x27c2
 *(.vectors)
 .vectors       0x00000000       0xe4 C:/Software/Microchip Studio/7.0/Packs/atmel/ATmega_DFP/1.6.364/gcc/dev/atmega2560/avr6/crtatmega2560.o
                0x00000000                __vector_default
                0x00000000                __vectors
 *(.vectors)
 *(.progmem.gcc*)
 .progmem.gcc_sw_table.prvProcessReceivedCommands
                0x000000e4       0x14 FreeRTOS/src/timers.o
                0x000000f8                . = ALIGN (0x2)
                0x000000f8                __trampolines_start = .
 *(.trampolines)
 .trampolines   0x000000f8       0x20 linker stubs
 *(.trampolines*)
                0x00000118                __trampolines_end = .
 *libprintf_flt.a:*(.progmem.data)
 *libc.a:*(.progmem.data)
 *(.progmem*)
                0x00000118                . = ALIGN (0x2)
 *(.jumptables)
 *(.jumptables*)
 *(.lowtext)
 .lowtext       0x00000118       0x16 FreeRTOS/src/tasks.o
 .lowtext       0x0000012e       0x1e FreeRTOS/src/timers.o
 *(.lowtext*)
                0x0000014c                __ctors_start = .
 *(.ctors)
                0x0000014c                __ctors_end = .
                0x0000014c                __dtors_start = .
 *(.dtors)
                0x0000014c                __dtors_end = .
 SORT(*)(.ctors)
 SORT(*)(.dtors)
 *(.init0)
 .init0         0x0000014c        0x0 C:/Software/Microchip Studio/7.0/Packs/atmel/ATmega_DFP/1.6.364/gcc/dev/atmega2560/avr6/crtatmega2560.o
                0x0000014c                __init
 *(.init0)
 *(.init1)
 *(.init1)
 *(.init2)
 .init2         0x0000014c       0x10 C:/Software/Microchip Studio/7.0/Packs/atmel/ATmega_DFP/1.6.364/gcc/dev/atmega2560/avr6/crtatmega2560.o
 *(.init2)
 *(.init3)
 *(.init3)
 *(.init4)
 .init4         0x0000015c       0x1a c:/software/microchip studio/7.0/toolchain/avr8/avr8-gnu-toolchain/bin/../lib/gcc/avr/5.4.0/avr6\libgcc.a(_copy_data.o)
                0x0000015c                __do_copy_data
 .init4         0x00000176       0x10 c:/software/microchip studio/7.0/toolchain/avr8/avr8-gnu-toolchain/bin/../lib/gcc/avr/5.4.0/avr6\libgcc.a(_clear_bss.o)
                0x00000176                __do_clear_bss
 *(.init4)
 *(.init5)
 *(.init5)
 *(.init6)
 *(.init6)
 *(.init7)
 *(.init7)
 *(.init8)
 *(.init8)
 *(.init9)
 .init9         0x00000186        0x8 C:/Software/Microchip Studio/7.0/Packs/atmel/ATmega_DFP/1.6.364/gcc/dev/atmega2560/avr6/crtatmega2560.o
 *(.init9)
 *(.text)
 .text          0x0000018e        0x4 C:/Software/Microchip Studio/7.0/Packs/atmel/ATmega_DFP/1.6.364/gcc/dev/atmega2560/avr6/crtatmega2560.o
                0x0000018e                __vector_38
                0x0000018e                __vector_22
                0x0000018e                __vector_28
                0x0000018e                __vector_1
                0x0000018e                __vector_32
                0x0000018e                __vector_34
                0x0000018e                __vector_24
                0x0000018e                __vector_46
                0x0000018e                __bad_interrupt
                0x0000018e                __vector_6
                0x0000018e                __vector_31
                0x0000018e                __vector_35
                0x0000018e                __vector_39
                0x0000018e                __vector_3
                0x0000018e                __vector_23
                0x0000018e                __vector_30
                0x0000018e                __vector_45
                0x0000018e                __vector_11
                0x0000018e                __vector_13
                0x0000018e                __vector_17
                0x0000018e                __vector_19
                0x0000018e                __vector_56
                0x0000018e                __vector_7
                0x0000018e                __vector_49
                0x0000018e                __vector_41
                0x0000018e                __vector_43
                0x0000018e                __vector_27
                0x0000018e                __vector_5
                0x0000018e                __vector_33
                0x0000018e                __vector_47
                0x0000018e                __vector_4
                0x0000018e                __vector_44
                0x0000018e                __vector_9
                0x0000018e                __vector_2
                0x0000018e                __vector_21
                0x0000018e                __vector_15
                0x0000018e                __vector_29
                0x0000018e                __vector_40
                0x0000018e                __vector_8
                0x0000018e                __vector_48
                0x0000018e                __vector_14
                0x0000018e                __vector_53
                0x0000018e                __vector_10
                0x0000018e                __vector_50
                0x0000018e                __vector_16
                0x0000018e                __vector_18
                0x0000018e                __vector_20
                0x0000018e                __vector_42
                0x00000192                . = ALIGN (0x2)
 *(.text.*)
 .text.task1    0x00000192       0x16 FreeRTOS/Example/main.o
                0x00000192                task1
 .text.task2    0x000001a8       0x14 FreeRTOS/Example/main.o
                0x000001a8                task2
 .text.create_tasks_and_semaphores
                0x000001bc       0x6c FreeRTOS/Example/main.o
                0x000001bc                create_tasks_and_semaphores
 .text.main     0x00000228       0x14 FreeRTOS/Example/main.o
                0x00000228                main
 .text.trace_init
                0x0000023c        0x2 FreeRTOS/FreeRTOSTraceDriver/FreeRTOSTraceDriver.o
                0x0000023c                trace_init
 .text.prvHeapInit
                0x0000023e       0x52 FreeRTOS/src/heap_4.o
 .text.prvInsertBlockIntoFreeList
                0x00000290       0x94 FreeRTOS/src/heap_4.o
 .text.pvPortMalloc
                0x00000324      0x156 FreeRTOS/src/heap_4.o
                0x00000324                pvPortMalloc
 .text.vPortFree
                0x0000047a       0x7c FreeRTOS/src/heap_4.o
                0x0000047a                vPortFree
 .text.vListInitialise
                0x000004f6       0x22 FreeRTOS/src/list.o
                0x000004f6                vListInitialise
 .text.vListInitialiseItem
                0x00000518        0x8 FreeRTOS/src/list.o
                0x00000518                vListInitialiseItem
 .text.vListInsert
                0x00000520       0x7a FreeRTOS/src/list.o
                0x00000520                vListInsert
 .text.uxListRemove
                0x0000059a       0x4e FreeRTOS/src/list.o
                0x0000059a                uxListRemove
 .text.prvSetupTimerInterrupt
                0x000005e8       0x18 FreeRTOS/src/port.o
 .text.pxPortInitialiseStack
                0x00000600       0x2e FreeRTOS/src/port.o
                0x00000600                pxPortInitialiseStack
 .text.xPortStartScheduler
                0x0000062e       0x66 FreeRTOS/src/port.o
                0x0000062e                xPortStartScheduler
 .text.vPortYield
                0x00000694       0xc2 FreeRTOS/src/port.o
                0x00000694                vPortYield
 .text.vPortYieldFromTick
                0x00000756       0xca FreeRTOS/src/port.o
                0x00000756                vPortYieldFromTick
 .text.__vector_12
                0x00000820        0x6 FreeRTOS/src/port.o
                0x00000820                __vector_12
 .text.prvIsQueueEmpty
                0x00000826       0x1a FreeRTOS/src/queue.o
 .text.prvIsQueueFull
                0x00000840       0x1c FreeRTOS/src/queue.o
 .text.prvCopyDataToQueue
                0x0000085c       0xbe FreeRTOS/src/queue.o
 .text.prvCopyDataFromQueue
                0x0000091a       0x34 FreeRTOS/src/queue.o
 .text.prvUnlockQueue
                0x0000094e       0x68 FreeRTOS/src/queue.o
 .text.xQueueGenericReset
                0x000009b6       0x8c FreeRTOS/src/queue.o
                0x000009b6                xQueueGenericReset
 .text.prvInitialiseNewQueue
                0x00000a42       0x26 FreeRTOS/src/queue.o
 .text.xQueueGenericCreate
                0x00000a68       0x4a FreeRTOS/src/queue.o
                0x00000a68                xQueueGenericCreate
 .text.xQueueGenericSend
                0x00000ab2      0x136 FreeRTOS/src/queue.o
                0x00000ab2                xQueueGenericSend
 .text.prvInitialiseMutex
                0x00000be8       0x26 FreeRTOS/src/queue.o
 .text.xQueueCreateMutex
                0x00000c0e       0x1c FreeRTOS/src/queue.o
                0x00000c0e                xQueueCreateMutex
 .text.xQueueGenericSendFromISR
                0x00000c2a       0x78 FreeRTOS/src/queue.o
                0x00000c2a                xQueueGenericSendFromISR
 .text.xQueueReceive
                0x00000ca2      0x136 FreeRTOS/src/queue.o
                0x00000ca2                xQueueReceive
 .text.vQueueWaitForMessageRestricted
                0x00000dd8       0x3a FreeRTOS/src/queue.o
                0x00000dd8                vQueueWaitForMessageRestricted
 .text.prvResetNextTaskUnblockTime
                0x00000e12       0x4e FreeRTOS/src/tasks.o
 .text.prvDeleteTCB
                0x00000e60       0x1a FreeRTOS/src/tasks.o
 .text.prvInitialiseNewTask
                0x00000e7a       0xfc FreeRTOS/src/tasks.o
 .text.prvInitialiseTaskLists
                0x00000f76       0x60 FreeRTOS/src/tasks.o
 .text.prvAddNewTaskToReadyList
                0x00000fd6       0xe0 FreeRTOS/src/tasks.o
 .text.prvCheckTasksWaitingTermination
                0x000010b6       0x4c FreeRTOS/src/tasks.o
 .text.prvAddCurrentTaskToDelayedList
                0x00001102      0x144 FreeRTOS/src/tasks.o
 .text.xTaskCreate
                0x00001246       0x9c FreeRTOS/src/tasks.o
                0x00001246                xTaskCreate
 .text.vTaskStartScheduler
                0x000012e2       0x72 FreeRTOS/src/tasks.o
                0x000012e2                vTaskStartScheduler
 .text.vTaskSuspendAll
                0x00001354        0xc FreeRTOS/src/tasks.o
                0x00001354                vTaskSuspendAll
 .text.xTaskGetTickCount
                0x00001360       0x1c FreeRTOS/src/tasks.o
                0x00001360                xTaskGetTickCount
 .text.xTaskIncrementTick
                0x0000137c      0x25a FreeRTOS/src/tasks.o
                0x0000137c                xTaskIncrementTick
 .text.xTaskResumeAll
                0x000015d6      0x1bc FreeRTOS/src/tasks.o
                0x000015d6                xTaskResumeAll
 .text.vTaskDelay
                0x00001792       0x3c FreeRTOS/src/tasks.o
                0x00001792                vTaskDelay
 .text.vTaskSwitchContext
                0x000017ce       0xca FreeRTOS/src/tasks.o
                0x000017ce                vTaskSwitchContext
 .text.vTaskPlaceOnEventList
                0x00001898       0x30 FreeRTOS/src/tasks.o
                0x00001898                vTaskPlaceOnEventList
 .text.vTaskPlaceOnEventListRestricted
                0x000018c8       0x86 FreeRTOS/src/tasks.o
                0x000018c8                vTaskPlaceOnEventListRestricted
 .text.xTaskRemoveFromEventList
                0x0000194e      0x15e FreeRTOS/src/tasks.o
                0x0000194e                xTaskRemoveFromEventList
 .text.vTaskInternalSetTimeOutState
                0x00001aac       0x22 FreeRTOS/src/tasks.o
                0x00001aac                vTaskInternalSetTimeOutState
 .text.xTaskCheckForTimeOut
                0x00001ace       0xce FreeRTOS/src/tasks.o
                0x00001ace                xTaskCheckForTimeOut
 .text.vTaskMissedYield
                0x00001b9c        0x8 FreeRTOS/src/tasks.o
                0x00001b9c                vTaskMissedYield
 .text.xTaskGetSchedulerState
                0x00001ba4       0x1c FreeRTOS/src/tasks.o
                0x00001ba4                xTaskGetSchedulerState
 .text.xTaskPriorityDisinherit
                0x00001bc0       0xb6 FreeRTOS/src/tasks.o
                0x00001bc0                xTaskPriorityDisinherit
 .text.prvGetNextExpireTime
                0x00001c76       0x30 FreeRTOS/src/timers.o
 .text.prvInsertTimerInActiveList
                0x00001ca6       0x92 FreeRTOS/src/timers.o
 .text.prvCheckForValidListAndQueue
                0x00001d38       0x52 FreeRTOS/src/timers.o
 .text.xTimerCreateTimerTask
                0x00001d8a       0x44 FreeRTOS/src/timers.o
                0x00001d8a                xTimerCreateTimerTask
 .text.xTimerGenericCommand
                0x00001dce       0xbe FreeRTOS/src/timers.o
                0x00001dce                xTimerGenericCommand
 .text.prvSwitchTimerLists
                0x00001e8c       0xd2 FreeRTOS/src/timers.o
 .text.prvSampleTimeNow
                0x00001f5e       0x5e FreeRTOS/src/timers.o
 .text.prvProcessExpiredTimer
                0x00001fbc       0xb0 FreeRTOS/src/timers.o
 .text.prvProcessTimerOrBlockTask
                0x0000206c       0xb2 FreeRTOS/src/timers.o
 .text.prvProcessReceivedCommands
                0x0000211e      0x170 FreeRTOS/src/timers.o
 .text.vApplicationIdleHook
                0x0000228e        0x2 FreeRTOS/src/variantHooks.o
                0x0000228e                vApplicationIdleHook
 .text.prvSetMainLedOn
                0x00002290        0xe FreeRTOS/src/variantHooks.o
                0x00002290                prvSetMainLedOn
 .text.prvBlinkMainLed
                0x0000229e        0x8 FreeRTOS/src/variantHooks.o
                0x0000229e                prvBlinkMainLed
 .text.vApplicationMallocFailedHook
                0x000022a6       0x1c FreeRTOS/src/variantHooks.o
                0x000022a6                vApplicationMallocFailedHook
 .text.vApplicationStackOverflowHook
                0x000022c2       0x1c FreeRTOS/src/variantHooks.o
                0x000022c2                vApplicationStackOverflowHook
 .text.__vector_25
                0x000022de       0xa4 ../drivers\libIotLibrary.a(serial.o)
                0x000022de                __vector_25
 .text.__vector_26
                0x00002382       0x88 ../drivers\libIotLibrary.a(serial.o)
                0x00002382                __vector_26
 .text.__vector_36
                0x0000240a       0xa4 ../drivers\libIotLibrary.a(serial.o)
                0x0000240a                __vector_36
 .text.__vector_37
                0x000024ae       0x88 ../drivers\libIotLibrary.a(serial.o)
                0x000024ae                __vector_37
 .text.__vector_51
                0x00002536       0xa4 ../drivers\libIotLibrary.a(serial.o)
                0x00002536                __vector_51
 .text.__vector_52
                0x000025da       0x88 ../drivers\libIotLibrary.a(serial.o)
                0x000025da                __vector_52
 .text.__vector_54
                0x00002662       0xa4 ../drivers\libIotLibrary.a(serial.o)
                0x00002662                __vector_54
 .text.__vector_55
                0x00002706       0x88 ../drivers\libIotLibrary.a(serial.o)
                0x00002706                __vector_55
 .text.libgcc   0x0000278e       0x10 c:/software/microchip studio/7.0/toolchain/avr8/avr8-gnu-toolchain/bin/../lib/gcc/avr/5.4.0/avr6\libgcc.a(_tablejump2.o)
                0x0000278e                __tablejump2__
 .text.avr-libc
                0x0000279e       0x12 c:/software/microchip studio/7.0/toolchain/avr8/avr8-gnu-toolchain/bin/../lib/gcc/avr/5.4.0/../../../../avr/lib/avr6\libc.a(memcpy.o)
                0x0000279e                memcpy
 .text.avr-libc
                0x000027b0        0xe c:/software/microchip studio/7.0/toolchain/avr8/avr8-gnu-toolchain/bin/../lib/gcc/avr/5.4.0/../../../../avr/lib/avr6\libc.a(memset.o)
                0x000027b0                memset
                0x000027be                . = ALIGN (0x2)
 *(.fini9)
 .fini9         0x000027be        0x0 c:/software/microchip studio/7.0/toolchain/avr8/avr8-gnu-toolchain/bin/../lib/gcc/avr/5.4.0/avr6\libgcc.a(_exit.o)
                0x000027be                _exit
                0x000027be                exit
 *(.fini9)
 *(.fini8)
 *(.fini8)
 *(.fini7)
 *(.fini7)
 *(.fini6)
 *(.fini6)
 *(.fini5)
 *(.fini5)
 *(.fini4)
 *(.fini4)
 *(.fini3)
 *(.fini3)
 *(.fini2)
 *(.fini2)
 *(.fini1)
 *(.fini1)
 *(.fini0)
 .fini0         0x000027be        0x4 c:/software/microchip studio/7.0/toolchain/avr8/avr8-gnu-toolchain/bin/../lib/gcc/avr/5.4.0/avr6\libgcc.a(_exit.o)
 *(.fini0)
                0x000027c2                _etext = .

.data           0x00800200       0x1a load address 0x000027c2
                0x00800200                PROVIDE (__data_start, .)
 *(.data)
 *(.data*)
 .data.uxTopUsedPriority
                0x00800200        0x1 FreeRTOS/src/tasks.o
                0x00800200                uxTopUsedPriority
 *(.gnu.linkonce.d*)
 *(.rodata)
 *(.rodata*)
 .rodata.str1.1
                0x00800201        0xc FreeRTOS/Example/main.o
 .rodata.str1.1
                0x0080020d        0x5 FreeRTOS/src/tasks.o
 .rodata.str1.1
                0x00800212        0x8 FreeRTOS/src/timers.o
 *(.gnu.linkonce.r*)
                0x0080021a                . = ALIGN (0x2)
                0x0080021a                _edata = .
                0x0080021a                PROVIDE (__data_end, .)

.bss            0x0080021a      0xea9
                0x0080021a                PROVIDE (__bss_start, .)
 *(.bss)
 *(.bss*)
 .bss.xBlockAllocatedBit
                0x0080021a        0x2 FreeRTOS/src/heap_4.o
 .bss.xNumberOfSuccessfulFrees
                0x0080021c        0x2 FreeRTOS/src/heap_4.o
 .bss.xNumberOfSuccessfulAllocations
                0x0080021e        0x2 FreeRTOS/src/heap_4.o
 .bss.xMinimumEverFreeBytesRemaining
                0x00800220        0x2 FreeRTOS/src/heap_4.o
 .bss.xFreeBytesRemaining
                0x00800222        0x2 FreeRTOS/src/heap_4.o
 .bss.pxEnd     0x00800224        0x2 FreeRTOS/src/heap_4.o
 .bss.xStart    0x00800226        0x4 FreeRTOS/src/heap_4.o
 .bss.ucHeap    0x0080022a      0xdac FreeRTOS/src/heap_4.o
 .bss.uxSchedulerSuspended
                0x00800fd6        0x1 FreeRTOS/src/tasks.o
 .bss.xIdleTaskHandle
                0x00800fd7        0x2 FreeRTOS/src/tasks.o
 .bss.xNextTaskUnblockTime
                0x00800fd9        0x4 FreeRTOS/src/tasks.o
 .bss.uxTaskNumber
                0x00800fdd        0x1 FreeRTOS/src/tasks.o
 .bss.xNumOfOverflows
                0x00800fde        0x1 FreeRTOS/src/tasks.o
 .bss.xYieldPending
                0x00800fdf        0x1 FreeRTOS/src/tasks.o
 .bss.xPendedTicks
                0x00800fe0        0x4 FreeRTOS/src/tasks.o
 .bss.xSchedulerRunning
                0x00800fe4        0x1 FreeRTOS/src/tasks.o
 .bss.uxTopReadyPriority
                0x00800fe5        0x1 FreeRTOS/src/tasks.o
 .bss.xTickCount
                0x00800fe6        0x4 FreeRTOS/src/tasks.o
 .bss.uxCurrentNumberOfTasks
                0x00800fea        0x1 FreeRTOS/src/tasks.o
 .bss.xSuspendedTaskList
                0x00800feb        0xb FreeRTOS/src/tasks.o
 .bss.uxDeletedTasksWaitingCleanUp
                0x00800ff6        0x1 FreeRTOS/src/tasks.o
 .bss.xTasksWaitingTermination
                0x00800ff7        0xb FreeRTOS/src/tasks.o
 .bss.xPendingReadyList
                0x00801002        0xb FreeRTOS/src/tasks.o
 .bss.pxOverflowDelayedTaskList
                0x0080100d        0x2 FreeRTOS/src/tasks.o
 .bss.pxDelayedTaskList
                0x0080100f        0x2 FreeRTOS/src/tasks.o
 .bss.xDelayedTaskList2
                0x00801011        0xb FreeRTOS/src/tasks.o
 .bss.xDelayedTaskList1
                0x0080101c        0xb FreeRTOS/src/tasks.o
 .bss.pxReadyTasksLists
                0x00801027       0x6e FreeRTOS/src/tasks.o
 .bss.pxCurrentTCB
                0x00801095        0x2 FreeRTOS/src/tasks.o
                0x00801095                pxCurrentTCB
 .bss.xLastTime.2436
                0x00801097        0x4 FreeRTOS/src/timers.o
 .bss.xTimerTaskHandle
                0x0080109b        0x2 FreeRTOS/src/timers.o
 .bss.xTimerQueue
                0x0080109d        0x2 FreeRTOS/src/timers.o
 .bss.pxOverflowTimerList
                0x0080109f        0x2 FreeRTOS/src/timers.o
 .bss.pxCurrentTimerList
                0x008010a1        0x2 FreeRTOS/src/timers.o
 .bss.xActiveTimerList2
                0x008010a3        0xb FreeRTOS/src/timers.o
 .bss.xActiveTimerList1
                0x008010ae        0xb FreeRTOS/src/timers.o
 .bss._ser_handle
                0x008010b9        0x8 ../drivers\libIotLibrary.a(serial.o)
 *(COMMON)
 COMMON         0x008010c1        0x2 FreeRTOS/Example/main.o
                0x008010c1                xTestSemaphore
                0x008010c3                PROVIDE (__bss_end, .)
                0x000027c2                __data_load_start = LOADADDR (.data)
                0x000027dc                __data_load_end = (__data_load_start + SIZEOF (.data))

.noinit         0x008010c3        0x0
                [!provide]                PROVIDE (__noinit_start, .)
 *(.noinit*)
                [!provide]                PROVIDE (__noinit_end, .)
                0x008010c3                _end = .
                0x008010c3                PROVIDE (__heap_start, .)

.eeprom         0x00810000        0x0
 *(.eeprom*)
                0x00810000                __eeprom_end = .

.fuse
 *(.fuse)
 *(.lfuse)
 *(.hfuse)
 *(.efuse)

.lock
 *(.lock*)

.signature
 *(.signature*)

.user_signatures
 *(.user_signatures*)

.stab
 *(.stab)

.stabstr
 *(.stabstr)

.stab.excl
 *(.stab.excl)

.stab.exclstr
 *(.stab.exclstr)

.stab.index
 *(.stab.index)

.stab.indexstr
 *(.stab.indexstr)

.comment        0x00000000       0x30
 *(.comment)
 .comment       0x00000000       0x30 FreeRTOS/Example/main.o
                                 0x31 (size before relaxing)
 .comment       0x00000030       0x31 FreeRTOS/FreeRTOSTraceDriver/FreeRTOSTraceDriver.o
 .comment       0x00000030       0x31 FreeRTOS/src/heap_4.o
 .comment       0x00000030       0x31 FreeRTOS/src/list.o
 .comment       0x00000030       0x31 FreeRTOS/src/port.o
 .comment       0x00000030       0x31 FreeRTOS/src/queue.o
 .comment       0x00000030       0x31 FreeRTOS/src/tasks.o
 .comment       0x00000030       0x31 FreeRTOS/src/timers.o
 .comment       0x00000030       0x31 FreeRTOS/src/variantHooks.o
 .comment       0x00000030       0x31 ../drivers\libIotLibrary.a(serial.o)

.note.gnu.avr.deviceinfo
                0x00000000       0x40
 .note.gnu.avr.deviceinfo
                0x00000000       0x40 C:/Software/Microchip Studio/7.0/Packs/atmel/ATmega_DFP/1.6.364/gcc/dev/atmega2560/avr6/crtatmega2560.o

.note.gnu.build-id
 *(.note.gnu.build-id)

.debug
 *(.debug)

.line
 *(.line)

.debug_srcinfo
 *(.debug_srcinfo)

.debug_sfnames
 *(.debug_sfnames)

.debug_aranges  0x00000000      0x5a8
 *(.debug_aranges)
 .debug_aranges
                0x00000000       0x38 FreeRTOS/Example/main.o
 .debug_aranges
                0x00000038       0x20 FreeRTOS/FreeRTOSTraceDriver/FreeRTOSTraceDriver.o
 .debug_aranges
                0x00000058       0x58 FreeRTOS/src/heap_4.o
 .debug_aranges
                0x000000b0       0x40 FreeRTOS/src/list.o
 .debug_aranges
                0x000000f0       0x58 FreeRTOS/src/port.o
 .debug_aranges
                0x00000148       0xf8 FreeRTOS/src/queue.o
 .debug_aranges
                0x00000240      0x1d0 FreeRTOS/src/tasks.o
 .debug_aranges
                0x00000410       0xc8 FreeRTOS/src/timers.o
 .debug_aranges
                0x000004d8       0x40 FreeRTOS/src/variantHooks.o
 .debug_aranges
                0x00000518       0x90 ../drivers\libIotLibrary.a(serial.o)

.debug_pubnames
 *(.debug_pubnames)

.debug_info     0x00000000     0x7499
 *(.debug_info .gnu.linkonce.wi.*)
 .debug_info    0x00000000      0xbbc C:/Software/Microchip Studio/7.0/Packs/atmel/ATmega_DFP/1.6.364/gcc/dev/atmega2560/avr6/crtatmega2560.o
 .debug_info    0x00000bbc      0x2f2 FreeRTOS/Example/main.o
 .debug_info    0x00000eae       0x78 FreeRTOS/FreeRTOSTraceDriver/FreeRTOSTraceDriver.o
 .debug_info    0x00000f26      0x4e6 FreeRTOS/src/heap_4.o
 .debug_info    0x0000140c      0x2e7 FreeRTOS/src/list.o
 .debug_info    0x000016f3      0x2ff FreeRTOS/src/port.o
 .debug_info    0x000019f2     0x17e6 FreeRTOS/src/queue.o
 .debug_info    0x000031d8     0x2239 FreeRTOS/src/tasks.o
 .debug_info    0x00005411     0x10dd FreeRTOS/src/timers.o
 .debug_info    0x000064ee      0x20f FreeRTOS/src/variantHooks.o
 .debug_info    0x000066fd      0xd9c ../drivers\libIotLibrary.a(serial.o)

.debug_abbrev   0x00000000     0x1cda
 *(.debug_abbrev)
 .debug_abbrev  0x00000000      0xb1a C:/Software/Microchip Studio/7.0/Packs/atmel/ATmega_DFP/1.6.364/gcc/dev/atmega2560/avr6/crtatmega2560.o
 .debug_abbrev  0x00000b1a      0x11b FreeRTOS/Example/main.o
 .debug_abbrev  0x00000c35       0x44 FreeRTOS/FreeRTOSTraceDriver/FreeRTOSTraceDriver.o
 .debug_abbrev  0x00000c79      0x200 FreeRTOS/src/heap_4.o
 .debug_abbrev  0x00000e79       0xff FreeRTOS/src/list.o
 .debug_abbrev  0x00000f78      0x179 FreeRTOS/src/port.o
 .debug_abbrev  0x000010f1      0x241 FreeRTOS/src/queue.o
 .debug_abbrev  0x00001332      0x2c8 FreeRTOS/src/tasks.o
 .debug_abbrev  0x000015fa      0x28c FreeRTOS/src/timers.o
 .debug_abbrev  0x00001886       0xff FreeRTOS/src/variantHooks.o
 .debug_abbrev  0x00001985      0x355 ../drivers\libIotLibrary.a(serial.o)

.debug_line     0x00000000     0x3c61
 *(.debug_line .debug_line.* .debug_line_end)
 .debug_line    0x00000000      0x1fa C:/Software/Microchip Studio/7.0/Packs/atmel/ATmega_DFP/1.6.364/gcc/dev/atmega2560/avr6/crtatmega2560.o
 .debug_line    0x000001fa      0x1c3 FreeRTOS/Example/main.o
 .debug_line    0x000003bd       0x63 FreeRTOS/FreeRTOSTraceDriver/FreeRTOSTraceDriver.o
 .debug_line    0x00000420      0x411 FreeRTOS/src/heap_4.o
 .debug_line    0x00000831      0x1d4 FreeRTOS/src/list.o
 .debug_line    0x00000a05      0x27c FreeRTOS/src/port.o
 .debug_line    0x00000c81      0xbd5 FreeRTOS/src/queue.o
 .debug_line    0x00001856     0x15ac FreeRTOS/src/tasks.o
 .debug_line    0x00002e02      0x61d FreeRTOS/src/timers.o
 .debug_line    0x0000341f      0x1a1 FreeRTOS/src/variantHooks.o
 .debug_line    0x000035c0      0x6a1 ../drivers\libIotLibrary.a(serial.o)

.debug_frame    0x00000000     0x1580
 *(.debug_frame)
 .debug_frame   0x00000000       0x64 FreeRTOS/Example/main.o
 .debug_frame   0x00000064       0x24 FreeRTOS/FreeRTOSTraceDriver/FreeRTOSTraceDriver.o
 .debug_frame   0x00000088       0xfc FreeRTOS/src/heap_4.o
 .debug_frame   0x00000184       0x90 FreeRTOS/src/list.o
 .debug_frame   0x00000214       0x94 FreeRTOS/src/port.o
 .debug_frame   0x000002a8      0x3a4 FreeRTOS/src/queue.o
 .debug_frame   0x0000064c      0x7a0 FreeRTOS/src/tasks.o
 .debug_frame   0x00000dec      0x3ac FreeRTOS/src/timers.o
 .debug_frame   0x00001198       0x64 FreeRTOS/src/variantHooks.o
 .debug_frame   0x000011fc      0x384 ../drivers\libIotLibrary.a(serial.o)

.debug_str      0x00000000     0x25ea
 *(.debug_str)
 .debug_str     0x00000000      0x3e6 C:/Software/Microchip Studio/7.0/Packs/atmel/ATmega_DFP/1.6.364/gcc/dev/atmega2560/avr6/crtatmega2560.o
 .debug_str     0x000003e6      0x216 FreeRTOS/Example/main.o
                                0x261 (size before relaxing)
 .debug_str     0x000005fc       0x36 FreeRTOS/FreeRTOSTraceDriver/FreeRTOSTraceDriver.o
                                0x17d (size before relaxing)
 .debug_str     0x00000632      0x304 FreeRTOS/src/heap_4.o
                                0x475 (size before relaxing)
 .debug_str     0x00000936      0x135 FreeRTOS/src/list.o
                                0x2b1 (size before relaxing)
 .debug_str     0x00000a6b      0x161 FreeRTOS/src/port.o
                                0x2e6 (size before relaxing)
 .debug_str     0x00000bcc      0x635 FreeRTOS/src/queue.o
                                0x925 (size before relaxing)
 .debug_str     0x00001201      0x9d0 FreeRTOS/src/tasks.o
                                0xf46 (size before relaxing)
 .debug_str     0x00001bd1      0x414 FreeRTOS/src/timers.o
                                0x81c (size before relaxing)
 .debug_str     0x00001fe5       0x81 FreeRTOS/src/variantHooks.o
                                0x25d (size before relaxing)
 .debug_str     0x00002066      0x584 ../drivers\libIotLibrary.a(serial.o)
                                0x628 (size before relaxing)

.debug_loc      0x00000000     0x6f4c
 *(.debug_loc)
 .debug_loc     0x00000000       0x3c FreeRTOS/Example/main.o
 .debug_loc     0x0000003c      0x4be FreeRTOS/src/heap_4.o
 .debug_loc     0x000004fa      0x17d FreeRTOS/src/list.o
 .debug_loc     0x00000677       0xf6 FreeRTOS/src/port.o
 .debug_loc     0x0000076d     0x1abd FreeRTOS/src/queue.o
 .debug_loc     0x0000222a     0x2a07 FreeRTOS/src/tasks.o
 .debug_loc     0x00004c31     0x10f3 FreeRTOS/src/timers.o
 .debug_loc     0x00005d24       0xdc FreeRTOS/src/variantHooks.o
 .debug_loc     0x00005e00     0x114c ../drivers\libIotLibrary.a(serial.o)

.debug_macinfo
 *(.debug_macinfo)

.debug_weaknames
 *(.debug_weaknames)

.debug_funcnames
 *(.debug_funcnames)

.debug_typenames
 *(.debug_typenames)

.debug_varnames
 *(.debug_varnames)

.debug_pubtypes
 *(.debug_pubtypes)

.debug_ranges   0x00000000      0x5a8
 *(.debug_ranges)
 .debug_ranges  0x00000000       0x28 FreeRTOS/Example/main.o
 .debug_ranges  0x00000028       0x10 FreeRTOS/FreeRTOSTraceDriver/FreeRTOSTraceDriver.o
 .debug_ranges  0x00000038       0x48 FreeRTOS/src/heap_4.o
 .debug_ranges  0x00000080       0x30 FreeRTOS/src/list.o
 .debug_ranges  0x000000b0       0x48 FreeRTOS/src/port.o
 .debug_ranges  0x000000f8      0x130 FreeRTOS/src/queue.o
 .debug_ranges  0x00000228      0x200 FreeRTOS/src/tasks.o
 .debug_ranges  0x00000428       0xb8 FreeRTOS/src/timers.o
 .debug_ranges  0x000004e0       0x30 FreeRTOS/src/variantHooks.o
 .debug_ranges  0x00000510       0x98 ../drivers\libIotLibrary.a(serial.o)

.debug_macro
 *(.debug_macro)
OUTPUT(IoT.elf elf32-avr)
LOAD linker stubs
